(Mycoplasma_agalactiae_5632_FP671138_gi|290752652|emb|CBH40625.1|:0.61728,Mycoplasma_gallisepticum_uid409_AE015450_gi|284812019|gb|AAP56646.2|:0.44735,Mycoplasma_genitalium_uid97_L43967_gi|3844640|gb|AAC71246.1|:0.53948);
