(Mycoplasma_agalactiae_5632_FP671138_gi|290753073|emb|CBH41049.1|:0.70597,Mycoplasma_gallisepticum_uid409_AE015450_gi|284811917|gb|AAP56487.2|:0.24359,Mycoplasma_genitalium_uid97_L43967_gi|1045950|gb|AAC71478.1|:0.40425);
