(Mycoplasma_agalactiae_5632_FP671138_gi|290752806|emb|CBH40781.1|:0.23971,Mycoplasma_gallisepticum_uid409_AE015450_gi|31541680|gb|AAP56980.1|:0.09573,Mycoplasma_genitalium_uid97_L43967_gi|3844771|gb|AAC71394.1|:0.22789);
