(Mycoplasma_gallisepticum_uid409_AE015450_gi|284812099|gb|AAP56769.2|:0.41067,Mycoplasma_genitalium_uid97_L43967_gi|3844802|gb|AAC71422.1|:0.74016,(Mycoplasma_agalactiae_5632_FP671138_gi|290752441|emb|CBH40412.1|:0.73284,(Mycoplasma_agalactiae_5632_FP671138_gi|290752858|emb|CBH40833.1|:0.38926,(Mycoplasma_gallisepticum_uid409_AE015450_gi|31541774|gb|AAP57073.1|:0.28841,Mycoplasma_genitalium_uid97_L43967_gi|1045672|gb|AAC71220.1|:0.32181)1.000:0.24014)1.000:0.58095)0.996:0.22737);
