(Mycoplasma_agalactiae_5632_FP671138_gi|290752397|emb|CBH40368.1|:0.78866,Mycoplasma_gallisepticum_uid409_AE015450_gi|284812155|gb|AAP56850.2|:0.55323,Mycoplasma_genitalium_uid97_L43967_gi|3844960|gb|AAC71599.1|:0.64246);
