(Mycoplasma_gallisepticum_uid409_AE015450_gi|284812229|gb|AAP56971.2|:0.34863,Mycoplasma_genitalium_uid97_L43967_gi|3844878|gb|AAC71521.1|:0.41804,(Mycoplasma_agalactiae_5632_FP671138_gi|290752403|emb|CBH40374.1|:0.65377,Mycoplasma_agalactiae_5632_FP671138_gi|290752774|emb|CBH40749.1|:0.55491)1.000:0.63358);
