((Mycoplasma_gallisepticum_uid409_AE015450_gi|284811989|gb|AAP56595.2|:0.83715,(Mycoplasma_gallisepticum_uid409_AE015450_gi|31541165|gb|AAP56467.1|:0.03459,Mycoplasma_gallisepticum_uid409_AE015450_gi|31541254|gb|AAP56556.1|:0.02715)1.000:0.64322)1.000:0.78966,Mycoplasma_agalactiae_5632_FP671138_gi|290752494|emb|CBH40466.1|:0.38524,(Mycoplasma_agalactiae_5632_FP671138_gi|290752976|emb|CBH40952.1|:0.61771,Mycoplasma_agalactiae_5632_FP671138_gi|290752482|emb|CBH40454.1|:0.47309)0.710:0.07916);
