(Mycoplasma_agalactiae_5632_FP671138_gi|290752841|emb|CBH40816.1|:0.79652,Mycoplasma_gallisepticum_uid409_AE015450_gi|31541099|gb|AAP56401.1|:0.40898,Mycoplasma_genitalium_uid97_L43967_gi|3844745|gb|AAC71369.1|:0.37285);
