(Mycoplasma_gallisepticum_uid409_AE015450_gi|31541498|gb|AAP56798.1|:0.58563,Mycoplasma_genitalium_uid97_L43967_gi|3844971|gb|AAC71609.1|:0.58563);
