(Mycoplasma_agalactiae_5632_FP671138_gi|290752433|emb|CBH40404.1|:0.71998,Mycoplasma_gallisepticum_uid409_AE015450_gi|284812242|gb|AAP56993.2|:0.32232,Mycoplasma_genitalium_uid97_L43967_gi|3844967|gb|AAC71606.1|:0.45065);
