(Mycoplasma_agalactiae_5632_FP671138_gi|290752523|emb|CBH40495.1|:0.62631,Mycoplasma_gallisepticum_uid409_AE015450_gi|284812080|gb|AAP56741.2|:0.32735,Mycoplasma_genitalium_uid97_L43967_gi|3844849|gb|AAC71471.1|:0.60239);
