(Mycoplasma_agalactiae_5632_FP671138_gi|290752569|emb|CBH40541.1|:0.76275,Mycoplasma_gallisepticum_uid409_AE015450_gi|284812247|gb|AAP57001.2|:0.76275);
