(Mycoplasma_agalactiae_5632_FP671138_gi|290752465|emb|CBH40437.1|:1.05600,Mycoplasma_gallisepticum_uid409_AE015450_gi|284812130|gb|AAP56808.2|:0.50535,Mycoplasma_genitalium_uid97_L43967_gi|3844693|gb|AAC71322.1|:0.84213);
