(Mycoplasma_gallisepticum_uid409_AE015450_gi|284812282|gb|AAP57052.2|:0.74702,Mycoplasma_genitalium_uid97_L43967_gi|84626126|gb|AAC71234.2|:0.74702);
