(Mycoplasma_gallisepticum_uid409_AE015450_gi|31541356|gb|AAP56657.1|:0.68350,Mycoplasma_genitalium_uid97_L43967_gi|3844990|gb|AAC71626.1|:0.68350);
