(Mycoplasma_agalactiae_5632_FP671138_gi|290753072|emb|CBH41048.1|:0.99326,Mycoplasma_gallisepticum_uid409_AE015450_gi|284811918|gb|AAP56488.2|:0.81204,Mycoplasma_genitalium_uid97_L43967_gi|1045951|gb|AAC71479.1|:0.82106);
