(Mycoplasma_agalactiae_5632_FP671138_gi|290752332|emb|CBH40303.1|:1.04354,Mycoplasma_gallisepticum_uid409_AE015450_gi|284812054|gb|AAP56711.2|:0.35526,Mycoplasma_genitalium_uid97_L43967_gi|3844791|gb|AAC71412.1|:0.56314);
