(Mycoplasma_genitalium_uid97_L43967_gi|3844886|gb|AAC71529.1|:1.03218,Mycoplasma_genitalium_uid97_L43967_gi|84626137|gb|AAC71563.2|:1.06498,(Mycoplasma_genitalium_uid97_L43967_gi|84626129|gb|AAC71531.2|:0.77602,(Mycoplasma_gallisepticum_uid409_AE015450_gi|284812195|gb|AAP56907.2|:0.66022,(Mycoplasma_gallisepticum_uid409_AE015450_gi|284812196|gb|AAP56908.2|:0.00908,Mycoplasma_gallisepticum_uid409_AE015450_gi|284812199|gb|AAP56913.2|:0.02694)1.000:0.71673)0.978:0.15502)0.923:0.19248);
