(Mycoplasma_gallisepticum_uid409_AE015450_gi|31541239|gb|AAP56541.1|:0.87318,Mycoplasma_genitalium_uid97_L43967_gi|3844896|gb|AAC71541.1|:0.87318);
