(Mycoplasma_agalactiae_5632_FP671138_gi|290752703|emb|CBH40677.1|:0.89212,Mycoplasma_gallisepticum_uid409_AE015450_gi|31541441|gb|AAP56742.1|:0.89212);
