(Mycoplasma_agalactiae_5632_FP671138_gi|290752838|emb|CBH40813.1|:0.38601,Mycoplasma_gallisepticum_uid409_AE015450_gi|31541102|gb|AAP56404.1|:0.16464,Mycoplasma_genitalium_uid97_L43967_gi|3844748|gb|AAC71372.1|:0.21769);
