Number of genes	1970
Number of genes in orthogroups	1220
Number of unassigned genes	750
Percentage of genes in orthogroups	61.9
Percentage of unassigned genes	38.1
Number of orthogroups	427
Number of species-specific orthogroups	0
Number of genes in species-specific orthogroups	0
Percentage of genes in species-specific orthogroups	0.0
Mean orthogroup size	2.9
Median orthogroup size	3.0
G50 (assigned genes)	3
G50 (all genes)	2
O50 (assigned genes)	182
O50 (all genes)	310
Number of orthogroups with all species present	279
Number of single-copy orthogroups	257
Date	2016-07-15
Orthogroups file	Orthogroups.csv
Unassigned genes file	Orthogroups_UnassignedGenes.csv
Per-species statistics	Statistics_PerSpecies.csv
Overall statistics	Statistics_Overall.csv
Orthogroups shared between species	Orthogroups_SpeciesOverlaps.csv

Average number of genes per-species in orthogroup	Number of orthogroups	Percentage of orthogroups	Number of genes	Percentage of genes
<1	126	29.5	252	20.7
'1	294	68.9	916	75.1
'2	5	1.2	30	2.5
'3	1	0.2	9	0.7
'4	1	0.2	13	1.1
'5	0	0.0	0	0.0
'6	0	0.0	0	0.0
'7	0	0.0	0	0.0
'8	0	0.0	0	0.0
'9	0	0.0	0	0.0
'10	0	0.0	0	0.0
11-15	0	0.0	0	0.0
16-20	0	0.0	0	0.0
21-50	0	0.0	0	0.0
51-100	0	0.0	0	0.0
101-150	0	0.0	0	0.0
151-200	0	0.0	0	0.0
201-500	0	0.0	0	0.0
501-1000	0	0.0	0	0.0
'1001+	0	0.0	0	0.0

Number of species in orthogroup	Number of orthogroups
1	0
2	148
3	279
