	Mycoplasma_agalactiae_5632_FP671138	Mycoplasma_genitalium_uid97_L43967	Mycoplasma_hyopneumoniae_AE017243	Mycoplasma_gallisepticum_uid409_AE015450
Mycoplasma_agalactiae_5632_FP671138	430	302	389	358
Mycoplasma_genitalium_uid97_L43967	302	392	294	383
Mycoplasma_hyopneumoniae_AE017243	389	294	416	344
Mycoplasma_gallisepticum_uid409_AE015450	358	383	344	459
